
> rest-express@1.0.0 dev
> cross-env NODE_ENV=development tsx server/index.ts

2:17:27 AM [express] serving on port 5000
2:21:01 AM [express] GET /api/auth/me 200 in 1707ms 495b
2:21:08 AM [express] GET /api/auth/me 200 in 687ms 495b
2:21:09 AM [express] GET /api/units 200 in 690ms 12603b
2:21:09 AM [express] GET /api/training-events 200 in 824ms 5687b
2:21:09 AM [express] GET /api/dashboard/activities 200 in 1014ms 2711b
2:21:10 AM [express] GET /api/employees 200 in 1255ms 420794b
2:21:11 AM [express] GET /api/approvals 200 in 2359ms 216431b
2:21:19 AM [express] POST /api/attendance/f42f8270-61fd-4cf2-8c0e-77819635e6a6/approve 200 in 1393ms 532b
2:21:19 AM [express] POST /api/attendance/1bc76f0e-e679-4435-b63a-864f9b212b28/approve 200 in 1400ms 532b
2:21:19 AM [express] POST /api/attendance/50481f88-9e2b-4546-be4f-141e39182596/approve 200 in 1398ms 532b
2:21:19 AM [express] POST /api/attendance/5a74e663-f08e-46c8-87c4-0a84241a5300/approve 200 in 1405ms 532b
2:21:19 AM [express] POST /api/attendance/599575fb-6555-4783-a539-7cf3f2d68ac6/approve 200 in 1439ms 532b
2:21:19 AM [express] POST /api/attendance/12d47084-d8d7-4179-bf8e-3eb0cce70b8f/approve 200 in 1442ms 532b
2:21:21 AM [express] POST /api/attendance/63a32f13-7926-4b8d-931f-4da728e0cbb7/approve 200 in 1370ms 532b
2:21:21 AM [express] POST /api/attendance/92f4392a-8ae0-483a-87b5-bcce53adba32/approve 200 in 1375ms 532b
2:21:21 AM [express] POST /api/attendance/44b26b27-4070-4ca9-9525-b71cfccf0d03/approve 200 in 1373ms 532b
2:21:21 AM [express] POST /api/attendance/abb286f5-ccd0-4f12-8791-ea4ff436a2d0/approve 200 in 1398ms 532b
2:21:21 AM [express] POST /api/attendance/72449d65-5648-4eff-a981-efaaa9b82aa0/approve 200 in 1434ms 532b
2:21:21 AM [express] POST /api/attendance/3aac7078-2ca6-468d-9f31-25b7c7838136/approve 200 in 1438ms 532b
2:21:22 AM [express] POST /api/attendance/9c704435-5806-40f2-b95f-c7f40653a12a/approve 200 in 1371ms 532b
2:21:22 AM [express] POST /api/attendance/101644fb-d59f-4f4f-909d-240a71ea4397/approve 200 in 1371ms 532b
2:21:22 AM [express] POST /api/attendance/801ffb35-77f0-4d78-91c8-adf126c022fc/approve 200 in 1394ms 532b
2:21:22 AM [express] POST /api/attendance/d3e5300d-a979-46ea-a466-3b3ef824dbbb/approve 200 in 1435ms 532b
2:21:22 AM [express] POST /api/attendance/dc42f6ce-4d5a-4c35-aa71-c72d3bb3c379/approve 200 in 1440ms 532b
2:21:22 AM [express] POST /api/attendance/a17e181c-fdf2-4b90-9182-cc6d1aa5bef1/approve 200 in 1680ms 532b
2:21:23 AM [express] POST /api/attendance/3adb316d-8967-48be-910e-c14dc1ab1c9a/approve 200 in 1369ms 532b
2:21:23 AM [express] POST /api/attendance/d8ceb9ac-2f97-4e43-868f-a22a69395326/approve 200 in 1372ms 532b
2:21:23 AM [express] POST /api/attendance/5e09e92a-083d-4ee1-9e12-ff5177942e39/approve 200 in 1394ms 532b
2:21:24 AM [express] POST /api/attendance/d9d88c19-0a51-43b5-ae6f-729e49e181d3/approve 200 in 1434ms 532b
2:21:24 AM [express] POST /api/attendance/12680716-6aa3-4633-bbde-99d51aca1640/approve 200 in 1439ms 532b
2:21:24 AM [express] POST /api/attendance/10151239-0293-4e6d-85d7-bb1f7c7190b3/approve 200 in 1370ms 532b
2:21:25 AM [express] POST /api/attendance/dcd37370-1622-446a-b1d5-fc74d412214f/approve 200 in 1370ms 532b
2:21:25 AM [express] POST /api/attendance/c6dbd847-988d-4c47-a3d3-2b89b9f31752/approve 200 in 1370ms 532b
2:21:25 AM [express] POST /api/attendance/c907e737-2f2f-4174-a7d7-134358b0ce5c/approve 200 in 1392ms 532b
2:21:25 AM [express] POST /api/attendance/7c57a19d-d796-4330-8254-8cf8749306a7/approve 200 in 1437ms 532b
2:21:25 AM [express] POST /api/attendance/a7d77924-2e1a-45fa-9068-fbd3865726f3/approve 200 in 1627ms 532b
2:21:25 AM [express] POST /api/attendance/f1dbb0e3-c8c6-4423-8094-67c1e593494d/approve 200 in 1677ms 532b
2:21:26 AM [express] POST /api/attendance/5fe0051a-753b-4bf0-8624-beae3ed1815e/approve 200 in 1370ms 532b
2:21:26 AM [express] POST /api/attendance/f240a704-c0ea-451e-aab7-1c78cdfd71b7/approve 200 in 1375ms 532b
2:21:26 AM [express] POST /api/attendance/80dfb4c8-8edb-4d0f-8563-b1b9e44f20ac/approve 200 in 1395ms 532b
2:21:26 AM [express] POST /api/attendance/426077dc-4b90-46c9-9529-8ee614b78b05/approve 200 in 1436ms 532b
2:21:27 AM [express] POST /api/attendance/1bc749ec-63e0-4184-8804-7590a2c24432/approve 200 in 1442ms 532b
2:21:27 AM [express] POST /api/attendance/c66653e1-68c3-4725-b9ae-7c30837e5c9a/approve 200 in 1368ms 532b
2:21:27 AM [express] POST /api/attendance/be972339-adee-4f9c-abbb-52ffcd7d1540/approve 200 in 1371ms 532b
2:21:27 AM [express] POST /api/attendance/52775b92-f45a-40cb-a1ed-1384b584a304/approve 200 in 1369ms 532b
2:21:28 AM [express] POST /api/attendance/3b1467e9-dcff-419b-962b-e24c13073a3f/approve 200 in 1392ms 532b
2:21:28 AM [express] POST /api/attendance/8e244093-d3ff-4d47-a11d-b6f3eed36ff6/approve 200 in 1435ms 532b
2:21:28 AM [express] POST /api/attendance/f01ede22-5c5b-44a3-b97b-224d6d428b10/approve 200 in 1366ms 532b
2:21:28 AM [express] POST /api/attendance/a23a9fc8-6e90-4396-97f9-a2017885e158/approve 200 in 1441ms 532b
2:21:29 AM [express] POST /api/attendance/7d1d25a1-19e1-4498-87e2-b9edbbe67333/approve 200 in 1368ms 532b
2:21:29 AM [express] POST /api/attendance/f4583dec-3234-40c7-9b4e-b7402014d9c7/approve 200 in 1371ms 532b
2:21:29 AM [express] POST /api/attendance/a201e053-60f1-4834-9987-97f87bb35ab2/approve 200 in 1394ms 532b
2:21:29 AM [express] POST /api/attendance/5b601c2d-f7f3-4e06-b767-409b48f777c7/approve 200 in 1432ms 532b
2:21:29 AM [express] POST /api/attendance/41c5ec3e-41ef-4641-9a7a-73de81cb3c3f/approve 200 in 1367ms 532b
2:21:30 AM [express] POST /api/attendance/fa608d61-fe77-46ca-aa23-101c2a98629f/approve 200 in 1443ms 532b
2:21:30 AM [express] POST /api/attendance/a5a8d330-8eb7-4b05-9643-a0897c512f01/approve 200 in 1376ms 532b
2:21:30 AM [express] POST /api/attendance/831e8420-e96f-4777-890b-e9994ecebbee/approve 200 in 1378ms 532b
2:21:30 AM [express] POST /api/attendance/392791c9-2bbf-4c28-8e9c-638389d03383/approve 200 in 1391ms 532b
2:21:31 AM [express] POST /api/attendance/7de771b2-df39-4613-b3d9-788c788692bf/approve 200 in 1433ms 532b
2:21:31 AM [express] POST /api/attendance/e43b67e1-8c1b-4f31-a079-5c943bd2586b/approve 200 in 1382ms 532b
2:21:32 AM [express] POST /api/attendance/8cc92331-a253-47dc-a448-ce8cf87d37c4/approve 200 in 1382ms 532b
2:21:32 AM [express] POST /api/attendance/9652d79c-14ab-45a7-9203-e305a413f375/approve 200 in 1384ms 532b
2:21:32 AM [express] POST /api/attendance/a3b28c9b-feb1-4a50-96c7-2cd780da4920/approve 200 in 1402ms 532b
2:21:32 AM [express] POST /api/attendance/15ff5056-7d90-4585-9c8d-da5e60aa056f/approve 200 in 2355ms 532b
2:21:32 AM [express] POST /api/attendance/a200ab0d-1df1-46b5-99e0-3307053d5ea7/approve 200 in 1365ms 532b
2:21:32 AM [express] POST /api/attendance/d2d278b2-6fe4-4344-aeb5-b6ed60c4ca1f/approve 200 in 1432ms 532b
2:21:33 AM [express] POST /api/attendance/882118ea-153e-4cce-9801-163120d9379f/approve 200 in 1371ms 532b
2:21:33 AM [express] POST /api/attendance/fc16373c-f30c-4a1b-9bdc-6908fa362187/approve 200 in 1372ms 532b
2:21:33 AM [express] POST /api/attendance/c929cdce-c4ca-4ab4-a7f3-9cdc38f0352a/approve 200 in 1395ms 532b
2:21:33 AM [express] POST /api/attendance/f3bd2fd8-b298-4279-949d-3f69dc25cec2/approve 200 in 1441ms 532b
2:21:34 AM [express] POST /api/attendance/1ac6b9e9-c523-4544-81bc-853974566023/approve 200 in 1369ms 532b
2:21:34 AM [express] POST /api/attendance/1b0094af-699f-4204-b7dd-bdd4845d55cf/approve 200 in 1433ms 532b
2:21:34 AM [express] POST /api/attendance/47234be5-c6bf-4e86-9e9d-34fba2c56b43/approve 200 in 1368ms 532b
2:21:35 AM [express] POST /api/attendance/7d331580-ac0d-4761-a43f-980bb9fb624e/approve 200 in 1393ms 532b
2:21:35 AM [express] POST /api/attendance/c7f61e7b-a520-4c02-b2c2-7236ac0931d6/approve 200 in 1680ms 532b
2:21:35 AM [express] POST /api/attendance/db113e26-168f-4274-9039-eb19d46dd2f9/approve 200 in 1440ms 532b
2:21:35 AM [express] POST /api/attendance/2b57624a-ad8b-403f-9043-59e38f2b56a2/approve 200 in 1367ms 532b
2:21:35 AM [express] POST /api/attendance/4aa99b4e-18ec-4868-ac34-2cd58053780f/approve 200 in 1434ms 532b
2:21:36 AM [express] POST /api/attendance/d194c5de-e03a-4a6d-a672-feac2272c9c2/approve 200 in 1372ms 532b
2:21:36 AM [express] POST /api/attendance/58d06150-71b1-4263-b09c-3cc8c305bb18/approve 200 in 1394ms 532b
2:21:36 AM [express] POST /api/attendance/c89653f5-4f55-45be-ad96-f17a0bad68a9/approve 200 in 1368ms 532b
2:21:36 AM [express] POST /api/attendance/e0c20304-9b4c-47e6-b470-91edc87ebdbe/approve 200 in 1440ms 532b
2:21:36 AM [express] POST /api/attendance/64b375af-d84b-4ae8-af0d-478500eb554e/approve 200 in 1366ms 532b
2:21:36 AM [express] POST /api/attendance/78edd400-e209-4e49-b5df-820a0fa22c99/approve 200 in 1431ms 532b
2:21:37 AM [express] POST /api/attendance/ba3427b8-71ce-4a1d-a88d-75e026201630/approve 200 in 1369ms 532b
2:21:37 AM [express] POST /api/attendance/d73354e1-2bdd-4ca1-a92a-02392863feaa/approve 200 in 1391ms 532b
2:21:37 AM [express] POST /api/attendance/0c7f63d7-18af-4fef-b3ed-59064b7eab85/approve 200 in 1369ms 532b
2:21:38 AM [express] POST /api/attendance/b51a3bfd-0fe0-4d78-bb44-ffa825ecf754/approve 200 in 1367ms 532b
2:21:38 AM [express] POST /api/attendance/0fa19854-03a7-4813-9712-5ee2b1d9aaea/approve 200 in 1438ms 532b
2:21:38 AM [express] POST /api/attendance/34e32bc6-5a25-4abf-889e-e67ab56c7b7a/approve 200 in 1432ms 532b
2:21:38 AM [express] POST /api/attendance/a441bed5-da99-4ce3-85f1-b33b3d140c46/approve 200 in 1369ms 532b
2:21:39 AM [express] POST /api/attendance/87a25aa4-4643-4aa5-ba2e-0cb48e3263cc/approve 200 in 1370ms 532b
2:21:39 AM [express] POST /api/attendance/fe2caac7-8d7c-474a-8352-cf0d39da975c/approve 200 in 1390ms 532b
2:21:39 AM [express] POST /api/attendance/a08ad31e-1ba0-4352-899a-ec843dfe444c/approve 200 in 1374ms 532b
2:21:39 AM [express] POST /api/attendance/66370eb8-aa41-4980-9b00-387b8e3f1796/approve 200 in 1439ms 532b
2:21:39 AM [express] POST /api/attendance/ef79478f-ed70-4753-8e3f-71d944919890/approve 200 in 1430ms 532b
2:21:40 AM [express] POST /api/attendance/775f32f8-cf9a-4a90-a233-263f54aa7439/approve 200 in 1370ms 532b
2:21:40 AM [express] POST /api/attendance/e1591964-b22f-4203-94c1-3ccc9ba8828a/approve 200 in 1390ms 532b
2:21:40 AM [express] POST /api/attendance/bd3f345c-b183-4140-89c6-673181f47080/approve 200 in 1365ms 532b
2:21:40 AM [express] POST /api/attendance/0d947702-fe6d-4566-8244-3df3f322faf3/approve 200 in 1674ms 532b
2:21:41 AM [express] POST /api/attendance/0e96964d-fa52-48a8-bf6a-84c66ad300a5/approve 200 in 1464ms 532b
2:21:41 AM [express] POST /api/attendance/b28e48e3-0030-4e73-8785-13c8ebfea6bd/approve 200 in 1432ms 532b
2:21:41 AM [express] POST /api/attendance/cb7e1486-9e9e-4475-ae10-34e368ce44da/approve 200 in 1369ms 532b
2:21:42 AM [express] POST /api/attendance/f15a26d7-392d-454a-af0a-0c4bb412fae8/approve 200 in 1390ms 532b
2:21:42 AM [express] POST /api/attendance/fc8431e3-ecf2-44cc-bf9b-080b4315aa09/approve 200 in 1367ms 532b
2:21:42 AM [express] POST /api/attendance/b9f3f754-2a78-4fed-8fcf-e160688d4d57/approve 200 in 1368ms 532b
2:21:42 AM [express] POST /api/attendance/c7d5a5b5-76b6-4e5c-8ab4-efc1caa28dd0/approve 200 in 1431ms 532b
2:21:42 AM [express] POST /api/attendance/a67bfe54-cb67-4558-a0f3-e5982af2b447/approve 200 in 1751ms 532b
2:21:43 AM [express] POST /api/attendance/d0f446b7-a09a-4e41-9eee-11ac18c4760d/approve 200 in 1370ms 532b
2:21:43 AM [express] POST /api/attendance/030c8785-cf2c-4827-b57c-d4116aed6d57/approve 200 in 1395ms 532b
2:21:43 AM [express] POST /api/attendance/298cca9e-7f64-452b-926e-d8a3389563f5/approve 200 in 1369ms 532b
2:21:43 AM [express] POST /api/attendance/c381777e-2325-4903-a598-75c66dcb312c/approve 200 in 1681ms 532b
2:21:44 AM [express] POST /api/attendance/13d34a4d-70f3-48f8-b4e0-66e979536bec/approve 200 in 1431ms 532b
2:21:44 AM [express] POST /api/attendance/27046a0c-5260-4379-a12b-60de9989ec89/approve 200 in 1440ms 532b
2:21:44 AM [express] POST /api/attendance/f8020fec-674a-4024-9212-8972abf32716/approve 200 in 1368ms 532b
2:21:44 AM [express] POST /api/attendance/9fcddda0-7826-4581-99df-9374d234cae4/approve 200 in 1393ms 532b
2:21:45 AM [express] POST /api/attendance/411f100e-7422-4e81-8035-bb1771d62dde/approve 200 in 1366ms 532b
2:21:45 AM [express] POST /api/attendance/65fcf14a-625f-4675-8ab6-c320ed1db190/approve 200 in 1365ms 532b
2:21:45 AM [express] POST /api/attendance/831b79f2-bbdb-4a16-b513-949040f57b8b/approve 200 in 1433ms 532b
2:21:45 AM [express] POST /api/attendance/aa7112e1-6091-4fc6-8675-62982c960938/approve 200 in 1451ms 532b
2:21:45 AM [express] POST /api/attendance/a6c66474-d317-4816-b71c-1d44ceafc00f/approve 200 in 1374ms 532b
2:21:46 AM [express] POST /api/attendance/5f3b1ae8-5c66-4774-abc7-a2c639a21baf/approve 200 in 1393ms 532b
2:21:46 AM [express] POST /api/attendance/ab75195e-6128-4be7-8fbc-40a0c80d05c6/approve 200 in 1366ms 532b
2:21:46 AM [express] POST /api/attendance/0b24f872-6423-486f-a6c5-26ad32889d16/approve 200 in 1681ms 532b
2:21:46 AM [express] POST /api/attendance/a1bcc185-b14e-4384-8d87-edfd93d4e918/approve 200 in 1436ms 532b
2:21:47 AM [express] POST /api/attendance/ef97903e-b3cb-4f1f-a397-166c780cb081/approve 200 in 1440ms 532b
2:21:47 AM [express] POST /api/attendance/add3fc0a-0a0a-4127-85f8-e06d926345ce/approve 200 in 1370ms 532b
2:21:47 AM [express] POST /api/attendance/911b6722-568f-4972-b5ba-f0f26b2843e3/approve 200 in 1394ms 532b
2:21:47 AM [express] POST /api/attendance/06c5b239-88eb-4831-8b1b-eba42edba047/approve 200 in 1373ms 532b
2:21:48 AM [express] POST /api/attendance/56c3c4fb-286e-4b64-a899-0b50e75c05d6/approve 200 in 1365ms 532b
2:21:48 AM [express] POST /api/attendance/3f67c164-093b-4438-917d-da366dbbc9b5/approve 200 in 1434ms 532b
2:21:48 AM [express] POST /api/attendance/797c9951-fe21-4ced-b518-aec259f573f5/approve 200 in 1370ms 532b
2:21:48 AM [express] POST /api/attendance/19e365a7-4eec-448e-8653-92c7cc88d92a/approve 200 in 1438ms 532b
2:21:48 AM [express] POST /api/attendance/e2a56d8c-b9a3-4a4a-bd3b-81f2094473c5/approve 200 in 1392ms 532b
2:21:49 AM [express] POST /api/attendance/2d9ed907-7cdc-45e7-9e2f-188517546cf7/approve 200 in 1671ms 532b
2:21:49 AM [express] POST /api/attendance/b6681802-63ef-4f74-8bf0-bb864ec9fe49/approve 200 in 1365ms 532b
2:21:49 AM [express] POST /api/attendance/5e9093e9-12e5-43e1-aacd-9917660b650b/approve 200 in 1433ms 532b
2:21:49 AM [express] POST /api/attendance/97b26f04-3679-4170-ba39-10078808002b/approve 200 in 1368ms 532b
2:21:50 AM [express] POST /api/attendance/5fd0037c-16dc-4e49-92c1-7b3b07437be1/approve 200 in 1441ms 532b
2:21:50 AM [express] POST /api/attendance/eee66540-6e9e-4921-9346-2e4fb7aec209/approve 200 in 1395ms 532b
2:21:50 AM [express] POST /api/attendance/0d9786fb-7957-4134-8c53-976dc81c3711/approve 200 in 1369ms 532b
2:21:51 AM [express] POST /api/attendance/c69e2076-353d-4c42-8b3b-761bf86eb3b5/approve 200 in 1364ms 532b
2:21:51 AM [express] POST /api/attendance/8d4e5e18-dd88-49f6-a6b3-e51927f8fbb6/approve 200 in 1370ms 532b
2:21:51 AM [express] POST /api/attendance/7dc24383-b023-4afc-a945-298c9fca5907/approve 200 in 1442ms 532b
2:21:51 AM [express] POST /api/attendance/87b688d9-1e6d-498f-858b-b95ba98614f0/approve 200 in 1741ms 532b
2:21:51 AM [express] POST /api/attendance/ca73eeef-0c95-4d46-b71a-4fd880b91b53/approve 200 in 1395ms 532b
2:21:52 AM [express] POST /api/attendance/96463789-4b81-4396-be6d-7f7140d3fee9/approve 200 in 1367ms 532b
2:21:52 AM [express] POST /api/attendance/ed146e10-ae17-4c1f-93fa-43c730128f70/approve 200 in 1365ms 532b
2:21:52 AM [express] POST /api/attendance/54cce727-f04d-49e4-a054-d9db25290121/approve 200 in 1369ms 532b
2:21:53 AM [express] POST /api/attendance/e5cae5f4-0656-494c-8ceb-e1dbb703d757/approve 200 in 1434ms 532b
2:21:53 AM [express] POST /api/attendance/c17c4ab6-47c2-4cf3-a0ed-7691e04dc8c2/approve 200 in 1396ms 532b
2:21:53 AM [express] POST /api/attendance/11046b2f-8fae-4587-a091-6d931851389f/approve 200 in 1746ms 532b
2:21:53 AM [express] POST /api/attendance/6b09b823-6a65-4dfb-b06b-dfb5746dbe55/approve 200 in 1369ms 532b
2:21:53 AM [express] POST /api/attendance/780441a3-28aa-41c5-b214-f674c1c05c64/approve 200 in 1369ms 532b
2:21:54 AM [express] POST /api/attendance/4797cb0f-dcf2-42ed-9779-df44c968b89c/approve 200 in 1369ms 532b
2:21:54 AM [express] POST /api/attendance/cf4f8b40-55f8-43bc-ae7f-d28115b51589/approve 200 in 1431ms 532b
2:21:54 AM [express] POST /api/attendance/75f622fc-21e8-4648-ab5e-55a182538ae2/approve 200 in 1391ms 532b
2:21:54 AM [express] POST /api/attendance/dc96a15a-df6a-4cb5-9a52-2456e98ba298/approve 200 in 1440ms 532b
2:21:55 AM [express] POST /api/attendance/c672cc54-cbfb-468d-9c42-7a4189198a5d/approve 200 in 1669ms 532b
2:21:55 AM [express] POST /api/attendance/ee50c157-2633-4499-98fb-85ca3f8dac93/approve 200 in 1369ms 532b
2:21:55 AM [express] POST /api/attendance/1c7ac295-b6a9-4a71-89eb-78ec3af8f60e/approve 200 in 1678ms 532b
2:21:55 AM [express] POST /api/attendance/2a07b7a3-c173-4629-9eef-3d9ebd92f866/approve 200 in 1431ms 532b
2:21:55 AM [express] POST /api/attendance/e9fe612e-d76f-43ef-9949-bfa4d697aea8/approve 200 in 1395ms 532b
2:21:56 AM [express] POST /api/attendance/1ead74f7-b84f-4a7a-8dc4-a929e209e6bb/approve 200 in 1442ms 532b
2:21:56 AM [express] POST /api/attendance/b0628559-7c93-41a0-978f-ac24c36b2c48/approve 200 in 1372ms 532b
2:21:56 AM [express] POST /api/attendance/6f09b107-09a1-4958-8960-73aa2a4b92d5/approve 200 in 1368ms 532b
2:21:56 AM [express] POST /api/attendance/a47b5afc-12b3-4f9b-96ce-be919fb9209a/approve 200 in 1366ms 532b
2:21:57 AM [express] POST /api/attendance/4b3d5660-169f-47a4-b967-ee4f1d5349a2/approve 200 in 1434ms 532b
2:21:57 AM [express] POST /api/attendance/2348240c-f359-4122-b91d-639ac0e1ec60/approve 200 in 1399ms 532b
2:21:57 AM [express] POST /api/attendance/06710a23-9b1d-426a-8d6a-850b4bb3eaed/approve 200 in 1366ms 532b
2:21:58 AM [express] POST /api/attendance/a36ef855-4b58-4962-9573-059d1e59a95f/approve 200 in 1928ms 532b
2:21:58 AM [express] POST /api/attendance/1362ad6c-b50d-4849-a95c-be010233a414/approve 200 in 1368ms 532b
2:21:58 AM [express] POST /api/attendance/5223adc6-ad43-4006-b818-0bd88fe49747/approve 200 in 1367ms 532b
2:21:58 AM [express] POST /api/attendance/35ca5c6d-91f0-4275-b41a-6f0d00513ca0/approve 200 in 1396ms 532b
2:21:58 AM [express] POST /api/attendance/6178f3f0-68b3-4987-981b-16a0d9e16a8e/approve 200 in 1434ms 532b
2:21:59 AM [express] POST /api/attendance/0a3c152b-7919-4005-a5b6-c687401dcb64/approve 200 in 1368ms 532b
2:21:59 AM [express] POST /api/attendance/f779bd4e-509a-4b5e-86f2-eb5a654d9186/approve 200 in 1438ms 532b
2:21:59 AM [express] POST /api/attendance/dc7f8d59-fe39-4c89-9285-e9a5beb9b9f1/approve 200 in 1368ms 532b
2:21:59 AM [express] POST /api/attendance/84c7b66e-76dc-43fc-a3e9-b4a3f0dc5b7c/approve 200 in 1370ms 532b
2:22:00 AM [express] POST /api/attendance/14c7f8eb-dbeb-407a-a22e-7362ca891c0f/approve 200 in 1393ms 532b
2:22:00 AM [express] POST /api/attendance/3c988439-8cbe-4b51-b8fb-72e810e1ed69/approve 200 in 1431ms 532b
2:22:00 AM [express] POST /api/attendance/e3d99b55-f14b-4c8d-94e1-df644dc8f483/approve 200 in 1371ms 532b
2:22:00 AM [express] POST /api/attendance/2cae7d93-bcd1-4624-8026-eadf4fcb621b/approve 200 in 1438ms 532b
2:22:00 AM [express] POST /api/attendance/5b30bc90-5034-4f37-94d2-982204bc1195/approve 200 in 1366ms 532b
2:22:01 AM [express] POST /api/attendance/aa0b11c0-21e6-4f34-aa4f-3baa13f72307/approve 200 in 1980ms 532b
2:22:01 AM [express] POST /api/attendance/6ac867bf-f492-486c-999e-4f149b527be8/approve 200 in 1390ms 532b
2:22:01 AM [express] POST /api/attendance/8bcc36ad-9bd3-4d60-b53b-dcd2093468d1/approve 200 in 1431ms 532b
2:22:02 AM [express] POST /api/attendance/b027db90-1fd7-483b-9368-0aad45ab05e2/approve 200 in 1368ms 532b
2:22:02 AM [express] POST /api/attendance/bd54d162-4f0a-4660-8c5a-a1d55c2a5d73/approve 200 in 1547ms 532b
2:22:02 AM [express] POST /api/attendance/63d48405-5492-4302-bf3a-5678c4ae398c/approve 200 in 1747ms 532b
2:22:02 AM [express] POST /api/attendance/203574cf-9dcf-417b-b435-73ea87d1ebce/approve 200 in 1548ms 532b
2:22:02 AM [express] POST /api/attendance/7ca42faa-9c94-46e0-84f4-e0da2899c43d/approve 200 in 1392ms 532b
2:22:03 AM [express] POST /api/attendance/48f61a40-3c5e-450c-a876-1a0688d9a96f/approve 200 in 1433ms 532b
2:22:03 AM [express] POST /api/attendance/049831c6-1fe9-4769-8bd4-bd90ace48701/approve 200 in 1369ms 532b
2:22:04 AM [express] POST /api/attendance/60ff066b-0eaf-4215-8ff6-da2b351f2aa8/approve 200 in 1670ms 532b
2:22:04 AM [express] POST /api/attendance/6c1c9aa5-aae1-4a73-8cba-3b4b433489a0/approve 200 in 1368ms 532b
2:22:04 AM [express] POST /api/attendance/3d5e1ebf-0fa5-4b41-98e2-68b95f69963c/approve 200 in 1396ms 532b
2:22:04 AM [express] POST /api/attendance/eb150dc0-cb61-4b9b-995c-abe2fc0faf9c/approve 200 in 1748ms 532b
2:22:04 AM [express] POST /api/attendance/7ad18a80-5068-4766-9ea3-b6016b12cc04/approve 200 in 1432ms 532b
2:22:04 AM [express] POST /api/attendance/d19165ea-9c6b-4ba7-ba00-68f2b4743fb7/approve 200 in 1369ms 532b
2:22:05 AM [express] POST /api/attendance/a5be4b71-5a04-4b19-a65f-1fa8373c7c4e/approve 200 in 1392ms 532b
2:22:05 AM [express] POST /api/attendance/a7afad10-118a-4d3f-b1e7-018db6f75db5/approve 200 in 1673ms 532b
2:22:05 AM [express] POST /api/attendance/f60b406f-8575-4745-8974-9d1f40bf4615/approve 200 in 1431ms 532b
2:22:06 AM [express] POST /api/attendance/d291efab-31a3-4d90-b8ae-8f09febbe018/approve 200 in 1747ms 532b
2:22:06 AM [express] POST /api/attendance/2ff8fcd1-50ba-4d8a-996e-bb067f999fa9/approve 200 in 1981ms 532b
2:22:06 AM [express] POST /api/attendance/a31b2a25-313c-4bb2-a1f4-52bc427469d0/approve 200 in 1369ms 532b
2:22:07 AM [express] POST /api/attendance/b11f21be-bffd-43d9-9507-6230b9f02bc5/approve 200 in 1392ms 532b
2:22:07 AM [express] POST /api/attendance/f986b68b-e94f-4463-b764-18ebeec8790d/approve 200 in 1367ms 532b
2:22:07 AM [express] POST /api/attendance/e2f6b270-4fa6-451c-82c6-7dbffdecd295/approve 200 in 1431ms 532b
2:22:07 AM [express] POST /api/attendance/6e881e04-c128-4381-9504-b7050cdcf5f2/approve 200 in 1369ms 532b
2:22:07 AM [express] POST /api/attendance/7bc71be4-3784-41a6-a242-867b35774a9d/approve 200 in 1368ms 532b
2:22:07 AM [express] POST /api/attendance/558a6ff7-3ccc-4ff0-ad7d-ed99e3204ace/approve 200 in 1750ms 532b
2:22:08 AM [express] POST /api/attendance/5401a47b-c407-4cdd-b764-cda307331830/approve 200 in 1390ms 532b
2:22:08 AM [express] POST /api/attendance/64a7e1b6-ceef-44dc-9c5d-53f55b14cf99/approve 200 in 1366ms 532b
2:22:08 AM [express] POST /api/attendance/0905109e-24d5-47a4-a046-3136c01e8d08/approve 200 in 1436ms 532b
2:22:08 AM [express] POST /api/attendance/cd8d4d54-f3ec-4221-b9be-b6fdc11a1f67/approve 200 in 1366ms 532b
2:22:09 AM [express] POST /api/attendance/32086492-b231-4d11-8123-08f42e18c2db/approve 200 in 1367ms 532b
2:22:09 AM [express] POST /api/attendance/c8130f4a-1af8-43fd-b314-24dab01afb65/approve 200 in 1439ms 532b
2:22:09 AM [express] POST /api/attendance/30eaccdf-d27f-4acb-839b-8d03696e65ac/approve 200 in 1389ms 532b
2:22:10 AM [express] POST /api/attendance/8d770ef2-d857-482a-8aae-fd4b4482de95/approve 200 in 1433ms 532b
2:22:10 AM [express] POST /api/attendance/67edf92b-4dcb-436b-931e-cfa553948f32/approve 200 in 1670ms 532b
2:22:10 AM [express] POST /api/attendance/94468a73-36e9-4df6-9fac-aa8eed57882c/approve 200 in 1369ms 532b
2:22:10 AM [express] POST /api/attendance/e95e0f7f-6c9a-428b-b0e7-29650768e97e/approve 200 in 1677ms 532b
2:22:11 AM [express] POST /api/attendance/7d471ecf-020d-4373-8703-4ca669a9c6f3/approve 200 in 1747ms 532b
2:22:11 AM [express] POST /api/attendance/f5e052f0-72b6-4fc2-95ee-6dc95c8d2cc4/approve 200 in 1394ms 532b
2:22:11 AM [express] POST /api/attendance/91706979-48fb-4e0b-8e5c-ed9e58f6c43b/approve 200 in 1433ms 532b
2:22:11 AM [express] POST /api/attendance/2fbea693-f83c-4dbf-b8a4-ceeccf601c33/approve 200 in 1370ms 532b
2:22:12 AM [express] POST /api/attendance/65141724-77db-4301-a1a6-47431d6fc49d/approve 200 in 1987ms 532b
2:22:12 AM [express] POST /api/attendance/ad6bea10-0381-49e7-95e5-a0a65cdda47b/approve 200 in 1677ms 532b
2:22:12 AM [express] POST /api/attendance/0c135aeb-be38-4f8c-a180-fb92a7d0640a/approve 200 in 1437ms 532b
2:22:12 AM [express] POST /api/attendance/a71a8c40-b871-4d1d-944f-72537b9b03f4/approve 200 in 1393ms 532b
2:22:13 AM [express] POST /api/attendance/c116f0f5-41fb-4a05-9a06-68c650eb6e9a/approve 200 in 1431ms 532b
2:22:13 AM [express] POST /api/attendance/0bbd4983-18b5-4b46-856a-37114f5ba76f/approve 200 in 1369ms 532b
2:22:13 AM [express] POST /api/attendance/47dc50ff-e850-4a96-87fa-0eab2515f7a5/approve 200 in 1366ms 532b
2:22:13 AM [express] POST /api/attendance/a30c02e7-636b-413c-9d5c-27ccd71011a9/approve 200 in 1366ms 532b
2:22:14 AM [express] POST /api/attendance/1c2ddf01-0d66-473d-8bac-4ed3d219a9e7/approve 200 in 1393ms 532b
2:22:14 AM [express] POST /api/attendance/c52f793a-e0b2-464a-9b4e-e9e01144fe9b/approve 200 in 1627ms 532b
2:22:14 AM [express] POST /api/attendance/fe491afc-9341-4396-a9e4-bda6646dcf38/approve 200 in 1433ms 532b
2:22:14 AM [express] POST /api/attendance/2faba580-47a1-4e5c-8fdd-700bf4fddf26/approve 200 in 1369ms 532b
2:22:14 AM [express] POST /api/attendance/1520a9f6-521d-42b4-8f79-765089fa6a4c/approve 200 in 1365ms 532b
2:22:15 AM [express] POST /api/attendance/8c35243e-8e4d-4deb-9f85-3b2161e40bef/approve 200 in 1367ms 532b
2:22:15 AM [express] POST /api/attendance/b99ed5af-29df-4e8a-9038-4933aa890486/approve 200 in 1393ms 532b
2:22:15 AM [express] POST /api/attendance/c4c78627-3349-458f-aafd-849f98898269/approve 200 in 1441ms 532b
2:22:15 AM [express] POST /api/attendance/3341cf52-4a19-4379-b139-602076ec6a8b/approve 200 in 1368ms 532b
2:22:16 AM [express] POST /api/attendance/0d36e027-c654-4a87-b5e9-8f7b73916b36/approve 200 in 1750ms 532b
2:22:16 AM [express] POST /api/attendance/37bf5e08-0b27-42d6-8d03-edb7f51ec865/approve 200 in 1369ms 532b
2:22:16 AM [express] POST /api/attendance/abf4a44c-b807-4cbf-9013-ca0b30c26323/approve 200 in 1538ms 532b
2:22:18 AM [express] GET /api/approvals 200 in 2026ms 178272b
2:23:06 AM [express] GET /api/units 304 in 1502ms
2:23:06 AM [express] GET /api/auth/me 200 in 1595ms 495b
2:23:06 AM [express] GET /api/training-events 304 in 1722ms
2:23:06 AM [express] GET /api/dashboard/activities 200 in 1786ms 2650b
2:23:07 AM [express] GET /api/employees 304 in 2065ms
2:23:07 AM [express] GET /api/dashboard/activities 200 in 1021ms 3524b
2:23:07 AM [express] GET /api/attendance 200 in 1235ms 172512b
2:23:08 AM [express] GET /api/approvals 304 in 2890ms
2:23:08 AM [express] GET /api/reports/compliance 304 in 1723ms
2:23:16 AM [express] GET /api/approvals 304 in 2036ms
2:23:16 AM [express] GET /api/reports/hours-by-employee 200 in 823ms 4162b
2:23:16 AM [express] GET /api/reports/hours-by-unit 200 in 826ms 3037b
2:23:24 AM [express] GET /api/users 304 in 822ms
2:23:27 AM [express] GET /api/audit 200 in 1912ms 1772085b
2:25:27 AM [express] GET /api/auth/me 200 in 1511ms 495b
2:25:27 AM [express] GET /api/dashboard/activities 304 in 1896ms
2:25:28 AM [express] GET /api/audit 304 in 2744ms
2:25:28 AM [express] GET /api/approvals 304 in 3088ms
2:26:09 AM [express] GET /api/auth/me 200 in 1513ms 495b
2:26:10 AM [express] GET /api/dashboard/activities 304 in 1886ms
2:26:11 AM [express] GET /api/audit 304 in 2732ms
2:26:11 AM [express] GET /api/approvals 304 in 3041ms
2:27:15 AM [express] GET /api/auth/me 200 in 1597ms 495b
2:27:15 AM [express] GET /api/dashboard/activities 304 in 1925ms
2:27:16 AM [express] GET /api/audit 304 in 2849ms
2:27:16 AM [express] GET /api/approvals 304 in 2997ms
[2m2:35:57 AM[22m [36m[1m[vite][22m[39m [90m[2m(client)[22m[39m [32mhmr update [39m[2m/src/pages/Reports.tsx, /src/index.css[22m
